../Core/Src/main.c:326:5:main	336	static
../Core/Src/main.c:738:6:SystemClock_Config	88	static
../Core/Src/main.c:784:13:MX_NVIC_Init	8	static
../Core/Src/main.c:814:6:dayDateCreate	24	static
../Core/Src/main.c:824:6:daytimeCreate	24	static
../Core/Src/main.c:833:6:AlarmDateCreate	16	static
../Core/Src/main.c:839:6:AlarmtimeCreate	24	static
../Core/Src/main.c:849:6:daytimeview	16	static
../Core/Src/main.c:890:6:Set_Move_time	16	static
../Core/Src/main.c:899:6:Load_timeSet	16	static
../Core/Src/main.c:908:6:Set_Move_alarm	16	static
../Core/Src/main.c:917:6:Load_alarmSet	16	static
../Core/Src/main.c:926:6:buttonObjCreate	16	static
../Core/Src/main.c:933:6:buttonObjGetClicked	24	static
../Core/Src/main.c:988:6:getBtn	8	static
../Core/Src/main.c:1005:5:sound_start	24	static
../Core/Src/main.c:1102:6:MoterSystemCreate	16	static
../Core/Src/main.c:1108:6:WaterIOS_PushSw	16	static
../Core/Src/main.c:1112:6:WaterIOS_Turbidity	16	static
../Core/Src/main.c:1116:6:WaterIOS_AlarmSet	16	static
../Core/Src/main.c:1121:6:WaterInOutsystem	16	static
../Core/Src/main.c:1193:6:move_cur_time	16	static
../Core/Src/main.c:1340:6:MoterCreate	16	static
../Core/Src/main.c:1349:6:ChangeMstate14F	16	static
../Core/Src/main.c:1352:6:ChangeMstate14T	16	static
../Core/Src/main.c:1355:6:ChangeMstate23F	16	static
../Core/Src/main.c:1358:6:ChangeMstate23T	16	static
../Core/Src/main.c:1361:6:MoterStart1	16	static
../Core/Src/main.c:1382:6:MoterMoving	16	static
../Core/Src/main.c:1411:6:HAL_UART_RxCpltCallback	16	static
../Core/Src/main.c:1420:6:HAL_TIM_PeriodElapsedCallback	24	static
../Core/Src/main.c:1457:6:HAL_GPIO_EXTI_Callback	16	static
../Core/Src/main.c:1480:10:HAL_GetTick	4	static
../Core/Src/main.c:1487:6:time_inc	4	static
../Core/Src/main.c:1516:6:Error_Handler	4	static,ignoring_inline_asm
